2026-07-09 16:10:56, MOVE, v:1, k:ed@ilhas, mode:PICK
2026-07-09 16:10:57, EXEC, v:1, k:ed@ilhas, mode:FULL, fail:COMP
2026-07-09 16:11:17, MOVE, v:1, k:ed@ilhas, mode:BACK
2026-07-09 16:17:38, MOVE, v:1, k:ed@ilhas, mode:PICK
2026-07-09 16:17:39, EXEC, v:1, k:ed@ilhas, mode:FULL, fail:COMP
2026-07-09 16:18:49, EXEC, v:1, k:ed@ilhas, mode:FULL, fail:COMP
2026-07-09 16:19:34, MOVE, v:1, k:ed@ilhas, mode:BACK
2026-07-09 16:24:24, MOVE, v:1, k:ed@ilhas, mode:PICK
2026-07-09 16:28:29, EXEC, v:1, k:ed@ilhas, mode:FULL, fail:COMP
2026-07-09 16:32:07, MOVE, v:1, k:ed@ilhas, mode:BACK
2026-07-09 16:32:09, MOVE, v:1, k:ed@ilhas, mode:PICK
2026-07-09 16:32:09, EXEC, v:1, k:ed@ilhas, mode:FULL, fail:COMP
2026-07-09 16:32:15, EXEC, v:1, k:ed@ilhas, mode:FULL, size:37, fail:COMP
2026-07-09 16:33:29, EXEC, v:1, k:ed@ilhas, mode:FULL, rate:50, size:38
2026-07-09 16:33:27, MOVE, v:1, k:ed@ilhas, mode:EDIT
2026-07-09 16:35:58, EXEC, v:1, k:ed@ilhas, mode:FULL, rate:0, size:40
2026-07-09 16:37:08, EXEC, v:1, k:ed@ilhas, mode:FULL, rate:0, size:43
2026-07-09 16:37:44, EXEC, v:1, k:ed@ilhas, mode:FULL, size:44, fail:COMP
2026-07-09 16:38:39, EXEC, v:1, k:ed@ilhas, mode:FULL, rate:0, size:46
2026-07-09 16:38:45, MOVE, v:1, k:ed@ilhas, mode:BACK
2026-07-09 16:38:47, MOVE, v:1, k:ed@ilhas, mode:PICK
2026-07-09 16:38:48, EXEC, v:1, k:ed@ilhas, mode:FULL, rate:0
2026-07-09 16:38:37, MOVE, v:1, k:ed@ilhas, mode:EDIT
2026-07-09 17:23:33, MOVE, v:1, k:ed@ilhas, mode:BACK
2026-07-09 17:33:08, MOVE, v:1, k:ed@ilhas, mode:PICK
2026-07-09 17:33:08, EXEC, v:1, k:ed@ilhas, mode:FULL, rate:0
2026-07-09 17:33:58, EXEC, v:1, k:ed@ilhas, mode:FULL, rate:0
2026-07-09 17:34:06, EXEC, v:1, k:ed@ilhas, mode:FULL, rate:50, size:46
2026-07-09 17:34:14, EXEC, v:1, k:ed@ilhas, mode:FULL, rate:50, size:46
2026-07-09 17:34:25, EXEC, v:1, k:ed@ilhas, mode:FULL, rate:50, size:46
2026-07-09 17:34:23, MOVE, v:1, k:ed@ilhas, mode:EDIT
2026-07-09 17:36:45, EXEC, v:1, k:ed@ilhas, mode:FULL, rate:0, size:48
2026-07-09 17:36:53, MOVE, v:1, k:ed@ilhas, mode:BACK
2026-07-09 17:36:55, MOVE, v:1, k:ed@ilhas, mode:PICK
2026-07-09 17:40:15, EXEC, v:1, k:ed@ilhas, mode:FULL, rate:0, size:56
2026-07-09 17:40:58, EXEC, v:1, k:ed@ilhas, mode:FULL, rate:0, size:58
2026-07-09 17:40:55, MOVE, v:1, k:ed@ilhas, mode:EDIT
2026-07-09 17:42:40, EXEC, v:1, k:ed@ilhas, mode:FULL, rate:0, size:59
2026-07-09 17:42:59, EXEC, v:1, k:ed@ilhas, mode:FULL, rate:0, size:58
2026-07-09 17:43:43, EXEC, v:1, k:ed@ilhas, mode:FULL, rate:0, size:58
2026-07-09 17:44:00, MOVE, v:1, k:ed@ilhas, mode:PICK
2026-07-09 17:44:03, EXEC, v:1, k:ed@ilhas, mode:FULL, rate:0
2026-07-09 17:44:24, EXEC, v:1, k:ed@ilhas, mode:FULL, rate:0, size:58
2026-07-09 17:47:41, EXEC, v:1, k:ed@ilhas, mode:FULL, rate:0
2026-07-09 17:44:20, MOVE, v:1, k:ed@ilhas, mode:EDIT
2026-07-09 17:49:15, EXEC, v:1, k:ed@ilhas, mode:FULL, rate:100, size:58
2026-07-09 17:49:22, MOVE, v:1, k:ed@ilhas, mode:BACK
2026-07-09 17:51:28, SELF, v:1, k:ed@ilhas, self:1, rate:100, study:65
2026-07-09 17:52:32, MOVE, v:1, k:ed@cercado, mode:DOWN
2026-07-09 17:52:33, MOVE, v:1, k:ed@cercado, mode:PICK
2026-07-09 17:52:34, EXEC, v:1, k:ed@cercado, mode:FULL, rate:33, size:29
2026-07-09 17:52:56, MOVE, v:1, k:ed@cercado, mode:BACK
2026-07-09 17:53:57, MOVE, v:1, k:ed@cercado, mode:PICK
2026-07-09 17:53:58, EXEC, v:1, k:ed@cercado, mode:FULL, rate:33
2026-07-09 17:57:37, MOVE, v:1, k:ed@cercado, mode:BACK
2026-07-09 17:57:46, MOVE, v:1, k:ed@cercado, mode:PICK
2026-07-09 17:57:47, EXEC, v:1, k:ed@cercado, mode:FULL, rate:33
2026-07-09 17:58:01, EXEC, v:1, k:ed@cercado, mode:FREE
2026-07-09 18:00:50, EXEC, v:1, k:ed@cercado, mode:FULL, rate:33, size:35
2026-07-09 18:02:40, EXEC, v:1, k:ed@cercado, mode:FULL, rate:33, size:35
2026-07-09 18:02:38, MOVE, v:1, k:ed@cercado, mode:EDIT
2026-07-09 18:04:54, EXEC, v:1, k:ed@cercado, mode:FULL, rate:33, size:42
2026-07-09 18:05:43, MOVE, v:1, k:ed@cercado, mode:BACK
2026-07-09 18:05:45, MOVE, v:1, k:ed@cercado, mode:PICK
2026-07-09 18:05:46, EXEC, v:1, k:ed@cercado, mode:FULL, rate:33
2026-07-09 18:06:23, EXEC, v:1, k:ed@cercado, mode:FULL, rate:33
2026-07-09 18:04:52, MOVE, v:1, k:ed@cercado, mode:EDIT
2026-07-09 18:08:28, EXEC, v:1, k:ed@cercado, mode:FULL, rate:33, size:44
2026-07-09 18:08:29, EXEC, v:1, k:ed@cercado, mode:FULL, rate:33
2026-07-09 18:11:25, EXEC, v:1, k:ed@cercado, mode:FULL, rate:33
2026-07-09 18:11:29, EXEC, v:1, k:ed@cercado, mode:FULL, size:48, fail:COMP
2026-07-09 18:11:31, MOVE, v:1, k:ed@cercado, mode:BACK
