2026-07-11 09:36:00, MOVE, v:1, k:ed@caminho, mode:PICK
2026-07-11 09:36:02, EXEC, v:1, k:ed@caminho, mode:FULL, fail:COMP
2026-07-11 09:36:40, EXEC, v:1, k:ed@caminho, mode:FULL, rate:0, size:113
2026-07-11 09:38:23, EXEC, v:1, k:ed@caminho, mode:FULL, rate:0, size:109
2026-07-11 09:39:05, EXEC, v:1, k:ed@caminho, mode:FULL, rate:0
2026-07-11 09:39:47, MOVE, v:1, k:ed@caminho, mode:BACK
2026-07-11 09:39:53, MOVE, v:1, k:ed@caminho, mode:PICK
2026-07-11 09:39:54, EXEC, v:1, k:ed@caminho, mode:FULL, rate:0
2026-07-11 09:40:43, EXEC, v:1, k:ed@caminho, mode:FULL, rate:0, size:109
2026-07-11 09:40:41, MOVE, v:1, k:ed@caminho, mode:EDIT
2026-07-11 09:41:43, EXEC, v:1, k:ed@caminho, mode:FULL, rate:0, size:111
2026-07-11 09:43:24, EXEC, v:1, k:ed@caminho, mode:FULL, rate:0, size:114
2026-07-11 09:44:18, EXEC, v:1, k:ed@caminho, mode:FULL, rate:0
2026-07-11 09:43:19, MOVE, v:1, k:ed@caminho, mode:EDIT
2026-07-11 09:47:03, EXEC, v:1, k:ed@caminho, mode:FULL, rate:0, size:114
2026-07-11 09:48:44, EXEC, v:1, k:ed@caminho, mode:FULL, rate:0, size:115
2026-07-11 09:49:33, EXEC, v:1, k:ed@caminho, mode:FULL, rate:0
2026-07-11 09:49:33, MOVE, v:1, k:ed@caminho, mode:BACK
2026-07-11 09:49:47, MOVE, v:1, k:ed@caminho, mode:PICK
2026-07-11 09:49:48, EXEC, v:1, k:ed@caminho, mode:FULL, rate:0
2026-07-11 09:52:29, EXEC, v:1, k:ed@caminho, mode:FULL, rate:0, size:121
2026-07-11 09:52:27, MOVE, v:1, k:ed@caminho, mode:EDIT
2026-07-11 09:54:41, EXEC, v:1, k:ed@caminho, mode:FULL, rate:0, size:123
2026-07-11 09:55:25, EXEC, v:1, k:ed@caminho, mode:FULL, rate:0
2026-07-11 09:55:25, MOVE, v:1, k:ed@caminho, mode:BACK
2026-07-11 09:55:27, MOVE, v:1, k:ed@caminho, mode:PICK
2026-07-11 09:55:27, EXEC, v:1, k:ed@caminho, mode:FULL, rate:0
2026-07-11 09:57:44, EXEC, v:1, k:ed@caminho, mode:FULL, rate:0
2026-07-11 09:57:50, MOVE, v:1, k:ed@caminho, mode:BACK
2026-07-11 09:54:39, MOVE, v:1, k:ed@caminho, mode:EDIT
2026-07-11 10:00:14, MOVE, v:1, k:ed@caminho, mode:PICK
2026-07-11 10:00:17, EXEC, v:1, k:ed@caminho, mode:FULL, rate:0
2026-07-11 10:04:37, EXEC, v:1, k:ed@caminho, mode:FULL, rate:0, size:133
2026-07-11 10:04:35, MOVE, v:1, k:ed@caminho, mode:EDIT
2026-07-11 10:06:52, EXEC, v:1, k:ed@caminho, mode:FULL, rate:0
2026-07-11 10:06:53, MOVE, v:1, k:ed@caminho, mode:BACK
2026-07-11 10:07:03, MOVE, v:1, k:ed@caminho, mode:PICK
2026-07-11 10:07:03, EXEC, v:1, k:ed@caminho, mode:FULL, rate:0
2026-07-11 10:10:23, EXEC, v:1, k:ed@caminho, mode:FULL, rate:0, size:143
2026-07-11 10:10:26, EXEC, v:1, k:ed@caminho, mode:FULL, rate:0
2026-07-11 10:10:27, EXEC, v:1, k:ed@caminho, mode:FULL, rate:0
2026-07-11 10:14:13, EXEC, v:1, k:ed@caminho, mode:FULL, rate:0, size:150
2026-07-11 10:14:15, EXEC, v:1, k:ed@caminho, mode:FULL, rate:0
2026-07-11 10:14:11, MOVE, v:1, k:ed@caminho, mode:EDIT
2026-07-11 10:15:02, EXEC, v:1, k:ed@caminho, mode:FULL, rate:0, size:150
2026-07-11 10:15:06, EXEC, v:1, k:ed@caminho, mode:FULL, rate:0
2026-07-11 10:15:25, EXEC, v:1, k:ed@caminho, mode:FULL, rate:0, size:150
2026-07-11 10:15:31, MOVE, v:1, k:ed@caminho, mode:PICK
2026-07-11 10:15:32, EXEC, v:1, k:ed@caminho, mode:FULL, rate:0
2026-07-11 10:15:42, EXEC, v:1, k:ed@caminho, mode:FULL, rate:0, size:150
2026-07-11 10:16:13, EXEC, v:1, k:ed@caminho, mode:FULL, rate:0, size:151
2026-07-11 10:16:14, EXEC, v:1, k:ed@caminho, mode:FULL, rate:0
2026-07-11 10:16:15, EXEC, v:1, k:ed@caminho, mode:FULL, rate:0
2026-07-11 10:16:15, EXEC, v:1, k:ed@caminho, mode:FULL, rate:0
2026-07-11 10:16:15, EXEC, v:1, k:ed@caminho, mode:FULL, rate:0
2026-07-11 10:18:09, EXEC, v:1, k:ed@caminho, mode:FULL, rate:0, size:150
2026-07-11 10:18:10, EXEC, v:1, k:ed@caminho, mode:FULL, rate:0
2026-07-11 10:18:36, EXEC, v:1, k:ed@caminho, mode:FULL, rate:0, size:150
2026-07-11 10:18:37, EXEC, v:1, k:ed@caminho, mode:FULL, rate:0
2026-07-11 10:19:06, EXEC, v:1, k:ed@caminho, mode:FULL, rate:0, size:151
2026-07-11 10:19:06, EXEC, v:1, k:ed@caminho, mode:FULL, rate:0, size:151
2026-07-11 10:19:16, EXEC, v:1, k:ed@caminho, mode:FULL, rate:0, size:150
2026-07-11 10:19:27, EXEC, v:1, k:ed@caminho, mode:FULL, rate:0, size:150
2026-07-11 10:19:23, MOVE, v:1, k:ed@caminho, mode:EDIT
2026-07-11 10:21:14, EXEC, v:1, k:ed@caminho, mode:FULL, rate:0, size:151
2026-07-11 10:21:54, EXEC, v:1, k:ed@caminho, mode:FULL, rate:0, size:151
2026-07-11 10:21:59, MOVE, v:1, k:ed@caminho, mode:PICK
2026-07-11 10:22:00, EXEC, v:1, k:ed@caminho, mode:FULL, rate:0
2026-07-11 10:22:09, EXEC, v:1, k:ed@caminho, mode:FULL, rate:0, size:151
2026-07-11 10:25:14, EXEC, v:1, k:ed@caminho, mode:FULL, rate:0
2026-07-11 10:22:04, MOVE, v:1, k:ed@caminho, mode:EDIT
2026-07-11 10:27:17, EXEC, v:1, k:ed@caminho, mode:FULL, rate:0
2026-07-11 10:27:51, EXEC, v:1, k:ed@caminho, mode:FULL, rate:0, size:153
2026-07-11 10:28:08, EXEC, v:1, k:ed@caminho, mode:FULL, rate:0, size:153
2026-07-11 10:28:39, EXEC, v:1, k:ed@caminho, mode:FULL, rate:100, size:154
2026-07-11 10:28:56, EXEC, v:1, k:ed@caminho, mode:FULL, rate:100
2026-07-11 10:28:56, MOVE, v:1, k:ed@caminho, mode:BACK
2026-07-11 10:29:32, SELF, v:1, k:ed@caminho, self:1, rate:100, study:75, concept:1
2026-07-11 10:29:34, MOVE, v:1, k:ed@caminho, mode:PICK
2026-07-11 10:29:38, EXEC, v:1, k:ed@caminho, mode:FULL, rate:100
2026-07-11 10:29:56, MOVE, v:1, k:ed@caminho, mode:BACK
2026-07-11 10:30:14, SELF, v:1, k:ed@caminho, self:1, rate:100, study:75, concept:1
