2026-07-07 09:24:20, MOVE, v:1, k:ed@wordsearch, mode:DOWN
2026-07-07 09:24:24, MOVE, v:1, k:ed@wordsearch, mode:PICK
2026-07-07 09:24:26, EXEC, v:1, k:ed@wordsearch, mode:FULL, rate:25, size:62
2026-07-07 09:28:25, EXEC, v:1, k:ed@wordsearch, mode:FULL, rate:25
2026-07-07 09:28:26, MOVE, v:1, k:ed@wordsearch, mode:BACK
2026-07-07 09:28:29, MOVE, v:1, k:ed@wordsearch, mode:PICK
2026-07-07 09:28:30, EXEC, v:1, k:ed@wordsearch, mode:FULL, rate:25
2026-07-07 09:24:20, MOVE, v:1, k:ed@wordsearch, mode:EDIT
2026-07-07 09:24:20, MOVE, v:1, k:ed@wordsearch, mode:EDIT
2026-07-07 09:24:20, MOVE, v:1, k:ed@wordsearch, mode:EDIT
2026-07-07 09:31:59, EXEC, v:1, k:ed@wordsearch, mode:FULL, rate:75, size:62
2026-07-07 09:32:13, EXEC, v:1, k:ed@wordsearch, mode:FULL, rate:25, size:62
2026-07-07 09:32:12, MOVE, v:1, k:ed@wordsearch, mode:EDIT
2026-07-07 09:35:04, EXEC, v:1, k:ed@wordsearch, mode:FULL, rate:25, size:61
2026-07-07 09:35:06, MOVE, v:1, k:ed@wordsearch, mode:BACK
2026-07-07 09:35:09, MOVE, v:1, k:ed@wordsearch, mode:PICK
2026-07-07 09:35:23, EXEC, v:1, k:ed@wordsearch, mode:FULL, size:65, fail:COMP
2026-07-07 09:37:01, EXEC, v:1, k:ed@wordsearch, mode:FULL, rate:25, size:65
2026-07-07 09:38:20, EXEC, v:1, k:ed@wordsearch, mode:FULL, rate:25, size:65
2026-07-07 09:38:17, MOVE, v:1, k:ed@wordsearch, mode:EDIT
2026-07-07 09:43:33, MOVE, v:1, k:ed@wordsearch, mode:BACK
2026-07-07 09:44:19, MOVE, v:1, k:ed@wordsearch, mode:PICK
2026-07-07 09:44:20, EXEC, v:1, k:ed@wordsearch, mode:FULL, rate:25
2026-07-07 09:45:42, EXEC, v:1, k:ed@wordsearch, mode:FULL, rate:25, size:72
2026-07-07 09:45:56, EXEC, v:1, k:ed@wordsearch, mode:FULL, rate:25, size:72
2026-07-07 09:47:30, EXEC, v:1, k:ed@wordsearch, mode:FULL, size:75, fail:COMP
2026-07-07 09:47:32, MOVE, v:1, k:ed@wordsearch, mode:BACK
2026-07-07 09:48:27, SELF, v:1, k:ed@editorint, self:1, rate:100, study:300, concept:1
2026-07-07 16:29:27, MOVE, v:1, k:ed@wordsearch, mode:PICK
2026-07-07 16:29:28, EXEC, v:1, k:ed@wordsearch, mode:FULL, fail:COMP
2026-07-07 16:33:37, EXEC, v:1, k:ed@wordsearch, mode:FULL, rate:25, size:81
2026-07-07 16:36:15, EXEC, v:1, k:ed@wordsearch, mode:FULL, rate:25, size:85
2026-07-07 16:37:15, EXEC, v:1, k:ed@wordsearch, mode:FULL, rate:25
2026-07-07 16:37:28, MOVE, v:1, k:ed@wordsearch, mode:EDIT
2026-07-07 16:38:42, MOVE, v:1, k:ed@wordsearch, mode:BACK
2026-07-07 16:39:16, MOVE, v:1, k:ed@wordsearch, mode:PICK
2026-07-07 16:39:16, EXEC, v:1, k:ed@wordsearch, mode:FULL, rate:25, size:87
2026-07-07 16:40:02, MOVE, v:1, k:ed@wordsearch, mode:BACK
2026-07-07 16:40:46, MOVE, v:1, k:ed@wordsearch, mode:PICK
2026-07-07 16:40:47, EXEC, v:1, k:ed@wordsearch, mode:FULL, rate:25
2026-07-07 16:42:38, EXEC, v:1, k:ed@wordsearch, mode:FULL, rate:25, size:91
2026-07-07 16:42:50, EXEC, v:1, k:ed@wordsearch, mode:FULL, rate:25, size:91
2026-07-07 16:42:48, MOVE, v:1, k:ed@wordsearch, mode:EDIT
2026-07-07 16:45:51, MOVE, v:1, k:ed@wordsearch, mode:BACK
2026-07-07 16:46:23, MOVE, v:1, k:ed@wordsearch, mode:PICK
2026-07-07 16:46:24, EXEC, v:1, k:ed@wordsearch, mode:FULL, rate:25
2026-07-07 16:48:49, EXEC, v:1, k:ed@wordsearch, mode:FULL, rate:25, size:91
2026-07-07 16:48:49, EXEC, v:1, k:ed@wordsearch, mode:FULL, rate:25, size:91
2026-07-07 16:48:49, EXEC, v:1, k:ed@wordsearch, mode:FULL, rate:25, size:91
2026-07-07 16:48:46, MOVE, v:1, k:ed@wordsearch, mode:EDIT
2026-07-07 16:51:26, EXEC, v:1, k:ed@wordsearch, mode:FULL, rate:25, size:93
2026-07-07 16:53:05, EXEC, v:1, k:ed@wordsearch, mode:FULL, rate:25, size:94
2026-07-07 16:54:54, EXEC, v:1, k:ed@wordsearch, mode:FULL, rate:50, size:95
2026-07-07 16:54:52, MOVE, v:1, k:ed@wordsearch, mode:EDIT
2026-07-07 16:56:04, EXEC, v:1, k:ed@wordsearch, mode:FULL, rate:50, size:96
2026-07-07 16:57:07, MOVE, v:1, k:ed@wordsearch, mode:BACK
2026-07-07 16:57:27, MOVE, v:1, k:ed@wordsearch, mode:PICK
2026-07-07 16:57:28, EXEC, v:1, k:ed@wordsearch, mode:FULL, rate:50
2026-07-07 17:00:31, EXEC, v:1, k:ed@wordsearch, mode:FULL, rate:50, size:100
2026-07-07 17:00:28, MOVE, v:1, k:ed@wordsearch, mode:EDIT
2026-07-07 17:02:57, EXEC, v:1, k:ed@wordsearch, mode:FULL, rate:50, size:102
2026-07-07 17:03:11, EXEC, v:1, k:ed@wordsearch, mode:FULL, rate:50
2026-07-07 17:03:18, MOVE, v:1, k:ed@wordsearch, mode:BACK
2026-07-07 17:03:22, MOVE, v:1, k:ed@wordsearch, mode:PICK
2026-07-07 17:03:23, EXEC, v:1, k:ed@wordsearch, mode:FULL, rate:50
2026-07-07 17:03:46, EXEC, v:1, k:ed@wordsearch, mode:FULL, rate:50, size:102
2026-07-07 17:04:43, MOVE, v:1, k:ed@wordsearch, mode:BACK
2026-07-07 17:04:46, MOVE, v:1, k:ed@wordsearch, mode:PICK
2026-07-07 17:04:47, EXEC, v:1, k:ed@wordsearch, mode:FULL, rate:50
2026-07-07 17:04:56, MOVE, v:1, k:ed@wordsearch, mode:PICK
2026-07-07 17:04:57, EXEC, v:1, k:ed@wordsearch, mode:FULL, rate:50
2026-07-07 17:05:16, EXEC, v:1, k:ed@wordsearch, mode:FULL, rate:50, size:102
2026-07-07 17:05:49, EXEC, v:1, k:ed@wordsearch, mode:FULL, rate:50, size:102
2026-07-07 17:06:00, MOVE, v:1, k:ed@wordsearch, mode:PICK
2026-07-07 17:06:02, EXEC, v:1, k:ed@wordsearch, mode:FULL, rate:50
2026-07-07 17:06:49, EXEC, v:1, k:ed@wordsearch, mode:FULL, rate:50, size:102
2026-07-07 17:07:22, EXEC, v:1, k:ed@wordsearch, mode:FULL, rate:75, size:102
2026-07-07 17:07:40, EXEC, v:1, k:ed@wordsearch, mode:FULL, rate:75, size:102
2026-07-07 17:10:40, EXEC, v:1, k:ed@wordsearch, mode:FULL, rate:100, size:102
2026-07-07 17:10:48, MOVE, v:1, k:ed@wordsearch, mode:BACK
2026-07-07 17:10:37, MOVE, v:1, k:ed@wordsearch, mode:EDIT
2026-07-07 17:11:40, SELF, v:1, k:ed@wordsearch, self:1, rate:100, study:75
